[www.emol.com/noticias/Nacional/2017/12/03/885860/Kast-llama-a-Pinera-a-avanzar-en-una-agenda-liberal-y-creer-mas-en-el-Estado.html]
[backblue.gif]
[fade.gif]
[index.html]
[static.emol.cl/emol50/Fotos/2017/12/03/file_20171203133504.jpg]
[static.emol.cl/emol50/css/font-awesome.min3860.css]
[static.emol.cl/emol50/css/social.min8e0e.css]
[static.emol.cl/emol50/css/estilo.min3860.css]
[static.emol.cl/emol50/js/contador_comentarios3860.js]
[static.emol.cl/emol50/js/jquery-ui.min.js]
[static.emol.cl/emol50/js/funcionesComunbea6.js]
[static.emol.cl/emol50/css/video-js.min.css]
[static.emol.cl/emol50/css/videojs-resolution-switcher.css]
[static.emol.cl/emol50/css/videojs.vast.vpaid.min.css]
[static.emol.cl/emol50/css/videojs-panorama.css]
[static.emol.cl/emol50/js/videojs-ie8.min.js]
[static.emol.cl/emol50/js/videojs-contrib-hls.js]
[static.emol.cl/emol50/js/video3860.js]
[static.emol.cl/emol50/js/videojs-resolution-switcher.js]
[static.emol.cl/emol50/js/jquery-1.11.2.min.js]
[static.emol.cl/emol50/js/videojs_5.vast.vpaid3860.js]
[static.emol.cl/emol50/js/Youtube5e1f.js]
[static.emol.cl/emol50/js/encuestas3860.js]
[static.emol.cl/emol50/js/videojs-panorama.v5.js]
[static.emol.cl/emol50/js/three.js]
[static.emol.cl/emol50/js/jquery.gritter.js]
[static.emol.cl/emol50/css/estilo_detalle.min.css]
[static.emol.cl/emol50/js/notificaciones3860.js]
[tag.navdmp.com/tm42978.js]
[static.emol.cl/emol50/css/estilo_componentes.min.css]
[static.emol.cl/emol50/css/comment.minae52.css]
[static.emol.cl/emol50/js/commentbcfe.js]
[static.emol.cl/emol50/js/vex.combined.min.js]
[static.emol.cl/emol50/js/base64.js]
[static.emol.cl/emol50/js/navegacion2010_detalle.js]
[static.emol.cl/emol50/js/mustache.min.js]
[static.emol.cl/emol50/js/dropdown_m.js]
[platform.vine.co/static/scripts/embed.js]
[platform.instagram.com/en_US/embeds.js]
[static.emol.cl/emol50/js/Copyright.js]
[static.emol.cl/emol50/js/cajasAjaxDetalle.js]
[static.emol.cl/emol50/js/caja_portada.js]
[static.emol.cl/emol50/js/ZoomAD.Mer.js]
[static.emol.cl/emol50/js/jquery.textcomplete.js]
[static.emol.cl/emol50/js/publicidadsetup/publicidadESP0290.js]
[static.emol.cl/emol50/img/logo_emol.gif]
[static.emol.cl/emol50/img/home_emol.png]
[static.emol.cl/emol50/img/emolfotos-not.png]
[static.emol.cl/emol50/img/emoltv-not.png]
[platform.twitter.com/widgets.js]
[static.emol.cl/emol50/js/webtoolkit.url.js]
[static.emol.cl/emol50/img/icon_lupa_emol_2015.png]
[static.emol.cl/emol50/img/icon_lupa_amarillas_2015.png]
[www.emol.com/especiales/2017/actualidad/nacional/elecciones/css/estilos_cobertura_especial_header.css]
[www.emol.com/especiales/2015/deportes/clasificatorias-rusia-2018/img/pixeltrans.png]
[static.emol.cl/emol50/Fotos/2017/12/03/file_20171203130055.jpg]
[static.emol.cl/emol50/css/jquery.fileupload.min5e1f.css]
[static.emol.cl/emol50/js/perfil30f4.js]
[static.emol.cl/emol50/js/social.scroll.min.js]
[static.emol.cl/emol50/js/jquery.validate.min.js]
[static.emol.cl/emol50/js/jquery.validate.methods.min.js]
[static.emol.cl/emol50/js/jquery.scroll.min.js]
[static.emol.cl/emol50/img/valusersocial_01.jpg]
[static.emol.cl/emol50/img/valusersocial_02.jpg]
[static.emol.cl/emol50/img/sin_image_comentarios.png]
[static.emol.cl/emol50/img/banner_emol_social.jpg]
[static.emol.cl/emol50/img/pram_mer.png]
[static.emol.cl/emol50/img/emol_sesion.png]
[rvv.emol.com/www/noticias/huemul.js]
[static.emol.cl/emol50/js/comentarios/vendor/jquery.ui.widget.min.js]
[static.emol.cl/emol50/js/comentarios/tmpl.min.js]
[static.emol.cl/emol50/js/comentarios/load-image.all.min.js]
[static.emol.cl/emol50/js/comentarios/canvas-to-blob.min.js]
[static.emol.cl/emol50/js/comentarios/jquery.blueimp-gallery.min.js]
[static.emol.cl/emol50/js/comentarios/jquery.iframe-transport.min.js]
[static.emol.cl/emol50/js/comentarios/jquery.fileupload.min.js]
[static.emol.cl/emol50/js/comentarios/jquery.fileupload-process.min.js]
[static.emol.cl/emol50/js/comentarios/jquery.fileupload-image.min.js]
[static.emol.cl/emol50/js/comentarios/jquery.fileupload-audio.min.js]
[static.emol.cl/emol50/js/comentarios/bootstrap.min.js]
[static.emol.cl/emol50/js/comentarios/jquery.fileupload-video.min.js]
[static.emol.cl/emol50/js/comentarios/jquery.fileupload-validate.min.js]
[static.emol.cl/emol50/js/comentarios/jquery.fileupload-ui.min.js]
[static.emol.cl/emol50/js/comentarios/main.min.js]
[static.emol.cl/emol50/js/comentarios/jquery.lightbox-comentarios.min5e1f.js]
[static.emol.cl/emol50/Fotos/2017/12/03/file_20171203103814_0lx0.jpg]
[static.emol.cl/emol50/Fotos/2017/12/02/file_20171202115111_0lx0.jpg]
[static.emol.cl/emol50/Fotos/Pandora/2017/12/02/file_20171202173247.jpg]
[static.emol.cl/emol50/Fotos/Pandora/2017/12/02/file_20171202173906.jpg]
[static.emol.cl/emol50/js/masComentados30f4.js]
[static.emol.cl/emol50/img/movil/icon_lupa_emol.png]
[static.emol.cl/emol50/Fotos/2017/12/03/file_20171203012352_120x75.jpg]
[static.emol.cl/emol50/Fotos/2017/12/03/file_20171203093115_120x75.jpg]
[static.emol.cl/emol50/Fotos/2017/12/02/file_20171202115111_120x75.jpg]
[static.emol.cl/emol50/Fotos/2017/12/02/file_20171202152812_120x75.jpg]
[static.emol.cl/emol50/Fotos/2017/12/02/file_20171202211942_120x75.jpg]
[static.emol.cl/emol50/Fotos/2017/12/02/file_20171202234519_120x75.jpg]
[static.emol.cl/emol50/Fotos/2017/12/03/file_20171203115253_120x75.jpg]
[static.emol.cl/emol50/Fotos/2017/12/03/file_20171203092030_120x75.jpg]
[static.emol.cl/emol50/Fotos/2017/12/02/file_20171202074835_120x75.jpg]
[static.emol.cl/emol50/Fotos/2017/12/02/file_20171202220928_120x75.jpg]
[www.economicos.cl/nassets/img/logo_ecn.png]
[static.emol.cl/emol50/js/economicos300.js]
[static.emol.cl/emol50/img/logoEmolFooter16.png]
[static.emol.cl/emol50/img/logoElMercurioFooter16.png]
[static.emol.cl/emol50/js/marcacionUniversal5e1f.js]
[d5nxst8fruw4z.cloudfront.net/atrk22f4.gif]
[d31qbv1cthcecs.cloudfront.net/atrk.js]
[static.emol.cl/emol50/js/rt_tag.ofs.js]
[connect.facebook.net/es_LA/sdk.js]
[apis.google.com/js/plusone.js]
[www.emol.com/noticias/Nacional/2017/12/03/885860/Kast-llama-a-Pinera-a-avanzar-en-una-agenda-liberal-y-creer-mas-en-el-Estado.html]
[static.emol.cl/emol50/css/font-awesome.min3860.css]
[static.emol.cl/img/bkg_input_search.gif]
[static.emol.cl/img/fondo_busqueda-web2009.gif]
[static.emol.cl/img/fondo_busqueda2008.gif]
[static.emol.cl/img/fondo_busqueda-amarillas2009.gif]
[static.emol.cl/img/flecha_bulleft.gif]
[static.emol.cl/img/fondoiconos.gif]
[static.emol.cl/img/mgz_bar_buscar.jpg]
[static.emol.cl/img/mjr_menu_btm.jpg]
[static.emol.cl/img/_cerrar.gif]
[static.emol.cl/img/bk_caja.png]
[static.emol.cl/img/tab_caja.gif]
[static.emol.cl/img/gda_fondo.gif]
[static.emol.cl/img/fondogolf.gif]
[static.emol.cl/img/img_bottom.gif]
[static.emol.cl/img/select.gif]
[static.emol.cl/img/home.gif]
[static.emol.cl/img/mujerN.gif]
[static.emol.cl/img/content_home.jpg]
[static.emol.cl/emol50/img/bk_buscador_2015.jpg]
[static.emol.cl/emol50/css/estilo.min3860.css]
[static.emol.cl/emol50/css/social.min8e0e.css]
[static.emol.cl/emol50/js/jquery-ui.min.js]
[static.emol.cl/emol50/js/contador_comentarios3860.js]
[static.emol.cl/emol50/img/movil/nacional.png]
[static.emol.cl/emol50/js/funcionesComunbea6.js]
[static.emol.cl/emol50/css/video-js.min.css]
[static.emol.cl/emol50/css/videojs-resolution-switcher.css]
[static.emol.cl/emol50/css/videojs.vast.vpaid.min.css]
[static.emol.cl/emol50/css/videojs-panorama.css]
[static.emol.cl/emol50/js/videojs-ie8.min.js]
[www.emol.com/noticias/Nacional/2017/12/03/885860/button.html]
[www.emol.com/noticias/Nacional/2017/12/03/885860/component.html]
[www.emol.com/noticias/Nacional/2017/12/03/885860/clickable-component.html]
[www.emol.com/noticias/Nacional/2017/12/03/885860/utils/events.html]
[www.emol.com/noticias/Nacional/2017/12/03/885860/utils/fn.html]
[www.emol.com/noticias/Nacional/2017/12/03/885860/utils/log.html]
[www.emol.com/noticias/Nacional/2017/12/03/885860/utils/dom.html]
[www.emol.com/noticias/Nacional/2017/12/03/885860/utils/guid.html]
[www.emol.com/noticias/Nacional/2017/12/03/885860/utils/to-title-case.html]
[www.emol.com/noticias/Nacional/2017/12/03/885860/utils/merge-options.html]
[www.emol.com/noticias/Nacional/2017/12/03/component.html]
[www.emol.com/noticias/Nacional/2017/12/03/885860/play-toggle.html]
[www.emol.com/noticias/Nacional/2017/12/03/885860/time-controls/current-time-display.html]
[www.emol.com/noticias/Nacional/2017/12/03/885860/time-controls/duration-display.html]
[www.emol.com/noticias/Nacional/2017/12/03/885860/time-controls/time-divider.html]
[www.emol.com/noticias/Nacional/2017/12/03/885860/time-controls/remaining-time-display.html]
[www.emol.com/noticias/Nacional/2017/12/03/885860/live-display.html]
[www.emol.com/noticias/Nacional/2017/12/03/885860/progress-control/progress-control.html]
[www.emol.com/noticias/Nacional/2017/12/03/885860/fullscreen-toggle.html]
[www.emol.com/noticias/Nacional/2017/12/03/885860/volume-control/volume-control.html]
[www.emol.com/noticias/Nacional/2017/12/03/885860/volume-menu-button.html]
[www.emol.com/noticias/Nacional/2017/12/03/885860/mute-toggle.html]
[www.emol.com/noticias/Nacional/2017/12/03/885860/text-track-controls/chapters-button.html]
[www.emol.com/noticias/Nacional/2017/12/03/885860/text-track-controls/descriptions-button.html]
[www.emol.com/noticias/Nacional/2017/12/03/885860/text-track-controls/subtitles-button.html]
[www.emol.com/noticias/Nacional/2017/12/03/885860/text-track-controls/captions-button.html]
[www.emol.com/noticias/Nacional/2017/12/03/885860/playback-rate-menu/playback-rate-menu-button.html]
[www.emol.com/noticias/Nacional/2017/12/03/885860/spacer-controls/custom-control-spacer.html]
[www.emol.com/noticias/Nacional/2017/12/03/button.html]
[www.emol.com/noticias/Nacional/2017/12/03/utils/dom.html]
[www.emol.com/noticias/Nacional/2017/12/menu/menu-button.html]
[www.emol.com/noticias/Nacional/2017/12/menu/menu.html]
[www.emol.com/noticias/Nacional/2017/12/03/885860/playback-rate-menu-item.html]
[www.emol.com/noticias/Nacional/2017/12/component.html]
[www.emol.com/noticias/Nacional/2017/12/utils/dom.html]
[static.emol.cl/emol50/js/video3860.js]
[static.emol.cl/emol50/js/videojs-contrib-hls.js]
[static.emol.cl/emol50/js/videojs_5.vast.vpaid3860.js]
[static.emol.cl/emol50/js/three.js]
[static.emol.cl/emol50/js/videojs-panorama.v5.js]
[static.emol.cl/emol50/js/encuestas3860.js]
[static.emol.cl/emol50/js/jquery.gritter.js]
[static.emol.cl/emol50/js/notificaciones3860.js]
[static.emol.cl/emol50/css/estilo_detalle.min.css]
[static.emol.cl/emol50/css/estilo_componentes.min.css]
[static.emol.cl/emol50/css/comment.minae52.css]
[static.emol.cl/emol50/js/commentbcfe.js]
[static.emol.cl/emol50/js/base64.js]
[static.emol.cl/emol50/js/navegacion2010_detalle.js]
[static.emol.cl/emol50/js/mustache.min.js]
[platform.instagram.com/en_US/embeds.js]
[static.emol.cl/emol50/js/Copyright.js]
[static.emol.cl/emol50/js/cajasAjaxDetalle.js]
[static.emol.cl/emol50/js/caja_portada.js]
[static.emol.cl/emol50/js/ZoomAD.Mer.js]
[static.emol.cl/emol50/js/jquery.textcomplete.js]
[static.emol.cl/emol50/js/webtoolkit.url.js]
[www.emol.com/especiales/2017/actualidad/nacional/elecciones/css/estilos_cobertura_especial_header.css]
[static.emol.cl/emol50/css/jquery.fileupload.min5e1f.css]
[static.emol.cl/emol50/js/perfil30f4.js]
[static.emol.cl/emol50/js/social.scroll.min.js]
[static.emol.cl/emol50/js/jquery.validate.min.js]
[static.emol.cl/emol50/js/jquery.validate.methods.min.js]
[static.emol.cl/emol50/js/comentarios/vendor/jquery.ui.widget.min.js]
[static.emol.cl/emol50/js/comentarios/tmpl.min.js]
[static.emol.cl/emol50/js/comentarios/load-image.all.min.js]
[static.emol.cl/emol50/js/comentarios/canvas-to-blob.min.js]
[static.emol.cl/emol50/js/comentarios/jquery.blueimp-gallery.min.js]
[static.emol.cl/emol50/js/comentarios/jquery.iframe-transport.min.js]
[static.emol.cl/emol50/js/comentarios/jquery.fileupload.min.js]
[static.emol.cl/emol50/js/comentarios/jquery.fileupload-process.min.js]
[static.emol.cl/emol50/js/comentarios/jquery.fileupload-audio.min.js]
[static.emol.cl/emol50/js/comentarios/jquery.fileupload-video.min.js]
[static.emol.cl/emol50/js/comentarios/jquery.fileupload-ui.min.js]
[static.emol.cl/emol50/js/comentarios/main.min.js]
[static.emol.cl/emol50/js/comentarios/jquery.lightbox-comentarios.min5e1f.js]
[static.emol.cl/emol50/js/masComentados30f4.js]
[static.emol.cl/emol50/js/marcacionUniversal5e1f.js]
[static.emol.cl/emol50/js/rt_tag.ofs.js]
[connect.facebook.net/es_LA/sdk.js]
[static.emol.cl/img/bkg_input_search.html]
[static.emol.cl/img/fondo_busqueda-web2009.html]
[static.emol.cl/img/fondo_busqueda2008.html]
[static.emol.cl/img/fondo_busqueda-amarillas2009.html]
[static.emol.cl/img/flecha_bulleft.html]
[static.emol.cl/img/fondoiconos.html]
[static.emol.cl/img/mgz_bar_buscar.html]
[static.emol.cl/img/mjr_menu_btm.html]
[static.emol.cl/img/_cerrar.html]
[static.emol.cl/img/bk_caja.html]
[static.emol.cl/img/tab_caja.html]
[static.emol.cl/img/gda_fondo.html]
[static.emol.cl/img/fondogolf.html]
[static.emol.cl/img/img_bottom.html]
[static.emol.cl/img/select.html]
[static.emol.cl/img/home.html]
[static.emol.cl/img/mujerN.html]
[static.emol.cl/img/content_home.html]
[www.emol.com/noticias/Nacional/2017/12/03/885860/_120x75.html]
[www.emol.com/noticias/Nacional/2017/12/03/885860/button.html]
[www.emol.com/noticias/Nacional/2017/12/03/885860/component.html]
[www.emol.com/noticias/Nacional/2017/12/03/885860/clickable-component.html]
[www.emol.com/noticias/Nacional/2017/12/03/885860/utils/events.html]
[www.emol.com/noticias/Nacional/2017/12/03/885860/utils/fn.html]
[www.emol.com/noticias/Nacional/2017/12/03/885860/utils/log.html]
[www.emol.com/noticias/Nacional/2017/12/03/885860/utils/dom.html]
[www.emol.com/noticias/Nacional/2017/12/03/885860/utils/guid.html]
[www.emol.com/noticias/Nacional/2017/12/03/885860/utils/to-title-case.html]
[www.emol.com/noticias/Nacional/2017/12/03/885860/utils/merge-options.html]
[www.emol.com/noticias/Nacional/2017/12/03/component.html]
[www.emol.com/noticias/Nacional/2017/12/03/885860/play-toggle.html]
[www.emol.com/noticias/Nacional/2017/12/03/885860/time-controls/current-time-display.html]
[www.emol.com/noticias/Nacional/2017/12/03/885860/time-controls/duration-display.html]
[www.emol.com/noticias/Nacional/2017/12/03/885860/time-controls/time-divider.html]
[www.emol.com/noticias/Nacional/2017/12/03/885860/time-controls/remaining-time-display.html]
[www.emol.com/noticias/Nacional/2017/12/03/885860/live-display.html]
[www.emol.com/noticias/Nacional/2017/12/03/885860/progress-control/progress-control.html]
[www.emol.com/noticias/Nacional/2017/12/03/885860/fullscreen-toggle.html]
[www.emol.com/noticias/Nacional/2017/12/03/885860/volume-control/volume-control.html]
[www.emol.com/noticias/Nacional/2017/12/03/885860/volume-menu-button.html]
[www.emol.com/noticias/Nacional/2017/12/03/885860/mute-toggle.html]
[www.emol.com/noticias/Nacional/2017/12/03/885860/text-track-controls/chapters-button.html]
[www.emol.com/noticias/Nacional/2017/12/03/885860/text-track-controls/descriptions-button.html]
[www.emol.com/noticias/Nacional/2017/12/03/885860/text-track-controls/subtitles-button.html]
[www.emol.com/noticias/Nacional/2017/12/03/885860/text-track-controls/captions-button.html]
[www.emol.com/noticias/Nacional/2017/12/03/885860/playback-rate-menu/playback-rate-menu-button.html]
[www.emol.com/noticias/Nacional/2017/12/03/885860/spacer-controls/custom-control-spacer.html]
[www.emol.com/noticias/Nacional/2017/12/03/button.html]
[www.emol.com/noticias/Nacional/2017/12/03/utils/dom.html]
[www.emol.com/noticias/Nacional/2017/12/menu/menu-button.html]
[www.emol.com/noticias/Nacional/2017/12/menu/menu.html]
[www.emol.com/noticias/Nacional/2017/12/03/885860/playback-rate-menu-item.html]
[www.emol.com/noticias/Nacional/2017/12/component.html]
[www.emol.com/noticias/Nacional/2017/12/utils/dom.html]
[staticemol.gen.emol.cl/img/gritter.png]
